Renesas Optimizing Linker (W3.05.00 )             29-Apr-2023 14:23:19

*** Options ***

-subcommand=DefaultBuild\CC Test1.clnk
-Input=DefaultBuild\cstart.obj
-Input=DefaultBuild\stkinit.obj
-Input=DefaultBuild\r_main.obj
-Input=DefaultBuild\r_systeminit.obj
-Input=DefaultBuild\r_cg_cgc.obj
-Input=DefaultBuild\r_cg_cgc_user.obj
-Input=DefaultBuild\r_cg_wdt.obj
-Input=DefaultBuild\r_cg_wdt_user.obj
-Input=DefaultBuild\r_cg_serial.obj
-Input=DefaultBuild\r_cg_serial_user.obj
-SECURITY_ID=00000000000000000000
-DEVICE=C:\Program Files (x86)\Renesas Electronics\CS+\CC\Device\RL78\Devicefile\DR5F100FL.DVF
-DEBug
-NOCOmpress
-NOOPtimize
-OUtput=DefaultBuild\CC Test1.abs
-LIBrary=C:\Program Files (x86)\Renesas Electronics\CS+\CC\CC-RL\V1.12.00\lib\rl78cm4s.lib
-LIBrary=C:\Program Files (x86)\Renesas Electronics\CS+\CC\CC-RL\V1.12.00\lib\malloc_n.lib
-LIBrary=C:\Program Files (x86)\Renesas Electronics\CS+\CC\CC-RL\V1.12.00\lib\rl78cm4r.lib
-OCDBG=84
-DEBUG_MONITOR=7FF00-7FFFF
-USER_OPT_BYTE=FFF3E1
-LISt=DefaultBuild\CC Test1.map
-AUTO_SECTION_LAYOUT
-ROm=.data=.dataR
-ROm=.sdata=.sdataR
-NOMessage
-MEMory=High
-NOLOgo
-end

*** Error information ***

*** Mapping List ***

SECTION                            START      END         SIZE   ALIGN
.vect
                                  00000000  0000007f        80   0
.constf
                                  00000080  00000080         0   2
.init_array
                                  00000080  00000080         0   2
.data
                                  00000080  00000080         0   2
.sdata
                                  00000080  00000080         0   2
.option_byte
                                  000000c0  000000c3         4   1
.security_id
                                  000000c4  000000cd         a   1
.RLIB
                                  000000c4  000000c4         0   1
.SLIB
                                  000000c4  000000c4         0   1
.monitor1
                                  000000ce  000000d7         a   1
.text
                                  000000d8  000002f6       21f   1
.textf
                                  000002f7  0000070d       417   1
.const
                                  00003000  00003000         0   2
.monitor2
                                  0007ff00  0007ffff       100   1
.bss
                                  000f7f00  000f7f1d        1e   2
.dataR
                                  000f7f1e  000f7f1e         0   2
.sbss
                                  000ffe20  000ffe20         0   2
.sdataR
                                  000ffe20  000ffe20         0   2
